17:25:00 **** Incremental Build of configuration Debug for project 013_Char ****
make -j12 all 
arm-none-eabi-gcc "../Src/main.c" -mcpu=cortex-m4 -std=gnu11 -g3 -DDEBUG -DSTM32 -DSTM32F407G_DISC1 -DSTM32F4 -DSTM32F407VGTx -c -I../Inc -O0 -ffunction-sections -fdata-sections -Wall -fstack-usage -MMD -MP -MF"Src/main.d" -MT"Src/main.o" --specs=nano.specs -mfloat-abi=soft -mthumb -o "Src/main.o"
arm-none-eabi-gcc -o "013_Char.elf" @"objects.list"   -mcpu=cortex-m4 -T"C:\Users\ibrahim\Desktop\embedded-c\myworkspace\target\013_Char\STM32F407VGTX_FLASH.ld" --specs=nosys.specs -Wl,-Map="013_Char.map" -Wl,--gc-sections -static --specs=nano.specs -mfloat-abi=soft -mthumb -Wl,--start-group -lc -lm -Wl,--end-group
Finished building target: 013_Char.elf
 
arm-none-eabi-size   013_Char.elf 
arm-none-eabi-objdump -h -S  013_Char.elf  > "013_Char.list"
   text	   data	    bss	    dec	    hex	filename
   5268	    108	   1588	   6964	   1b34	013_Char.elf
Finished building: default.size.stdout
 
Finished building: 013_Char.list
 

17:25:01 Build Finished. 0 errors, 0 warnings. (took 471ms)

